// Jest Snapshot v1, https://goo.gl/fbAQLP

exports[`ArtistQuestionScreen correctly rendered 1`] = `
<section
  className="game__screen"
>
  <h2
    className="game__title"
  >
    Кто исполняет эту песню?
  </h2>
  <div
    className="game__track"
  >
    <button
      className="track__button track__button--play"
      disabled={true}
      onClick={[Function]}
      type="button"
    />
    <div
      className="track__status"
    >
      <audio />
    </div>
  </div>
  <form
    className="game__artist"
  >
    <div
      className="artist"
    >
      <input
        className="artist__input visually-hidden"
        id="artist-0"
        name="answer"
        onClick={[Function]}
        type="radio"
        value="artist-0"
      />
      <label
        className="artist__name"
        htmlFor="artist-0"
      >
        <img
          alt="artist0"
          className="artist__picture"
          src="picture0"
        />
        artist0
      </label>
    </div>
    <div
      className="artist"
    >
      <input
        className="artist__input visually-hidden"
        id="artist-1"
        name="answer"
        onClick={[Function]}
        type="radio"
        value="artist-1"
      />
      <label
        className="artist__name"
        htmlFor="artist-1"
      >
        <img
          alt="artist1"
          className="artist__picture"
          src="picture1"
        />
        artist1
      </label>
    </div>
    <div
      className="artist"
    >
      <input
        className="artist__input visually-hidden"
        id="artist-2"
        name="answer"
        onClick={[Function]}
        type="radio"
        value="artist-2"
      />
      <label
        className="artist__name"
        htmlFor="artist-2"
      >
        <img
          alt="artist2"
          className="artist__picture"
          src="picture2"
        />
        artist2
      </label>
    </div>
  </form>
</section>
`;
